// Jest Snapshot v1, https://goo.gl/fbAQLP

exports[`Header renders correctly 1`] = `
<header
  id="header"
>
  <div
    className="inner"
  >
    <a
      className="image avatar"
      href="#"
    >
      <img
        alt=""
        src="test-file-stub"
      />
    </a>
    <h1>
      <strong>
        Steven Le
      </strong>
    </h1>
    <h1>
      Software Developer Intern
    </h1>
    <h1>
      I like to gym and learn new things in my spare time.
    </h1>
  </div>
  <div
    id="footer"
  >
    <div
      className="inner"
    >
      <ul
        className="icons"
      >
        <li>
          <a
            className="icon fa-github"
            href="https://github.com/lehuyl"
          >
            <span
              className="label"
            >
              Github
            </span>
          </a>
        </li>
        <li>
          <a
            className="icon fa-linkedin"
            href="https://www.linkedin.com/in/-stevenle/"
          >
            <span
              className="label"
            >
              Dribbble
            </span>
          </a>
        </li>
      </ul>
    </div>
  </div>
</header>
`;
